// Jest Snapshot v1, https://goo.gl/fbAQLP

exports[`Test component Renders correctly 1`] = `
Object {
  "asFragment": [Function],
  "baseElement": <body>
    <div>
      <div
        class="practice"
      >
        <h2>
          let's do some maths!
        </h2>
      </div>
      <section>
        <div
          class="container"
        >
          <div
            class="header"
          >
            <button
              class="tag"
              type="button"
            >
              0
            </button>
          </div>
          <div
            class="calc-button"
          >
            <button
              type="submit"
            >
              AC
            </button>
            <button
              type="submit"
            >
              +/-
            </button>
            <button
              type="submit"
            >
              %
            </button>
            <button
              class="box-color"
              type="submit"
            >
              รท
            </button>
            <button
              type="submit"
            >
              7
            </button>
            <button
              type="submit"
            >
              8
            </button>
            <button
              type="submit"
            >
              9
            </button>
            <button
              class="box-color"
              type="submit"
            >
              x
            </button>
            <button
              type="submit"
            >
              4
            </button>
            <button
              type="submit"
            >
              5
            </button>
            <button
              type="submit"
            >
              6
            </button>
            <button
              class="box-color"
              type="submit"
            >
              -
            </button>
            <button
              type="submit"
            >
              1
            </button>
            <button
              type="submit"
            >
              2
            </button>
            <button
              type="submit"
            >
              3
            </button>
            <button
              class="box-color"
              type="submit"
            >
              +
            </button>
            <button
              class="zero"
              type="submit"
            >
              0
            </button>
            <button
              type="submit"
            >
              .
            </button>
            <button
              class="box-color"
              type="submit"
            >
              =
            </button>
          </div>
        </div>
      </section>
    </div>
  </body>,
  "container": <div>
    <div
      class="practice"
    >
      <h2>
        let's do some maths!
      </h2>
    </div>
    <section>
      <div
        class="container"
      >
        <div
          class="header"
        >
          <button
            class="tag"
            type="button"
          >
            0
          </button>
        </div>
        <div
          class="calc-button"
        >
          <button
            type="submit"
          >
            AC
          </button>
          <button
            type="submit"
          >
            +/-
          </button>
          <button
            type="submit"
          >
            %
          </button>
          <button
            class="box-color"
            type="submit"
          >
            รท
          </button>
          <button
            type="submit"
          >
            7
          </button>
          <button
            type="submit"
          >
            8
          </button>
          <button
            type="submit"
          >
            9
          </button>
          <button
            class="box-color"
            type="submit"
          >
            x
          </button>
          <button
            type="submit"
          >
            4
          </button>
          <button
            type="submit"
          >
            5
          </button>
          <button
            type="submit"
          >
            6
          </button>
          <button
            class="box-color"
            type="submit"
          >
            -
          </button>
          <button
            type="submit"
          >
            1
          </button>
          <button
            type="submit"
          >
            2
          </button>
          <button
            type="submit"
          >
            3
          </button>
          <button
            class="box-color"
            type="submit"
          >
            +
          </button>
          <button
            class="zero"
            type="submit"
          >
            0
          </button>
          <button
            type="submit"
          >
            .
          </button>
          <button
            class="box-color"
            type="submit"
          >
            =
          </button>
        </div>
      </div>
    </section>
  </div>,
  "debug": [Function],
  "findAllByAltText": [Function],
  "findAllByDisplayValue": [Function],
  "findAllByLabelText": [Function],
  "findAllByPlaceholderText": [Function],
  "findAllByRole": [Function],
  "findAllByTestId": [Function],
  "findAllByText": [Function],
  "findAllByTitle": [Function],
  "findByAltText": [Function],
  "findByDisplayValue": [Function],
  "findByLabelText": [Function],
  "findByPlaceholderText": [Function],
  "findByRole": [Function],
  "findByTestId": [Function],
  "findByText": [Function],
  "findByTitle": [Function],
  "getAllByAltText": [Function],
  "getAllByDisplayValue": [Function],
  "getAllByLabelText": [Function],
  "getAllByPlaceholderText": [Function],
  "getAllByRole": [Function],
  "getAllByTestId": [Function],
  "getAllByText": [Function],
  "getAllByTitle": [Function],
  "getByAltText": [Function],
  "getByDisplayValue": [Function],
  "getByLabelText": [Function],
  "getByPlaceholderText": [Function],
  "getByRole": [Function],
  "getByTestId": [Function],
  "getByText": [Function],
  "getByTitle": [Function],
  "queryAllByAltText": [Function],
  "queryAllByDisplayValue": [Function],
  "queryAllByLabelText": [Function],
  "queryAllByPlaceholderText": [Function],
  "queryAllByRole": [Function],
  "queryAllByTestId": [Function],
  "queryAllByText": [Function],
  "queryAllByTitle": [Function],
  "queryByAltText": [Function],
  "queryByDisplayValue": [Function],
  "queryByLabelText": [Function],
  "queryByPlaceholderText": [Function],
  "queryByRole": [Function],
  "queryByTestId": [Function],
  "queryByText": [Function],
  "queryByTitle": [Function],
  "rerender": [Function],
  "unmount": [Function],
}
`;
